


ARM Macro Assembler    Page 1 


    1 00000000                 AREA             myCode, CODE, READONLY
    2 00000000                 EXPORT           main
    3 00000000                 ENTRY
    4 00000000         
    5 00000000         main    PROC
    6 00000000         
    7 00000000 F04F 30AA       LDR              r0, =0xAAAAAAAA
    8 00000004         
    9 00000004 E7FE    stop    B                stop
   10 00000006         
   11 00000006                 ENDP
   12 00000006                 END
Command Line: --debug --xref --diag_suppress=9931,A1950W --cpu=Cortex-M4.fp.sp 
--depend=.\objects\main.d -o.\objects\main.o -I.\RTE\_Target_1 -IC:\Users\Abdul
lah\AppData\Local\Arm\Packs\ARM\CMSIS\5.9.0\CMSIS\Core\Include -IC:\Users\Abdul
lah\AppData\Local\Arm\Packs\Keil\STM32F4xx_DFP\2.17.1\Drivers\CMSIS\Device\ST\S
TM32F4xx\Include --predefine="__EVAL SETA 1" --predefine="__UVISION_VERSION SET
A 539" --predefine="_RTE_ SETA 1" --predefine="STM32F446xx SETA 1" --predefine=
"_RTE_ SETA 1" --list=.\listings\main.lst main.s



ARM Macro Assembler    Page 1 Alphabetic symbol ordering
Relocatable symbols

main 00000000

Symbol: main
   Definitions
      At line 5 in file main.s
   Uses
      At line 2 in file main.s
Comment: main used once
myCode 00000000

Symbol: myCode
   Definitions
      At line 1 in file main.s
   Uses
      None
Comment: myCode unused
stop 00000004

Symbol: stop
   Definitions
      At line 9 in file main.s
   Uses
      At line 9 in file main.s
Comment: stop used once
3 symbols
338 symbols in table
