


ARM Macro Assembler    Page 1 


    1 00000000                 AREA             myData, DATA, READWRITE
    2 00000000         ;x  DCD 10
    3 00000000         ;y  DCD 5
    4 00000000         ;result DCD 0
    5 00000000         
    6 00000000         ;str1 DCB "String-1",0
    7 00000000         ;str1_ SPACE 20
    8 00000000         ;str2 DCB "String-1",0
    9 00000000         
   10 00000000 00000001 
              00000002 
              00000004 
              00000005 
              00000006 
              00000007 array   DCD              1,2,4,5,6,7
   11 00000018         
   12 00000018                 AREA             myCode, CODE, READONLY
   13 00000000                 EXPORT           main
   14 00000000         ;  IMPORT sum
   15 00000000         ;  IMPORT swap
   16 00000000         ;  IMPORT gcd
   17 00000000         ;  IMPORT strcat
   18 00000000         ;  IMPORT strcmp
   19 00000000                 IMPORT           insert_number
   20 00000000                 ENTRY
   21 00000000         
   22 00000000         main    PROC
   23 00000000         
   24 00000000         ;Subroutines
   25 00000000         
   26 00000000         ;Pass by Value
   27 00000000         ;  LDR r0, =0xAAAAAAAA
   28 00000000         ;  LDR r1, =0x55555555
   29 00000000         ;  
   30 00000000         ;  BL sum
   31 00000000         ;  
   32 00000000         ;  LDR r4, =result
   33 00000000         ;  STR r0, [r4]
   34 00000000         
   35 00000000         ;  ;Pass by Reference
   36 00000000         ;  LDR r0, =x
   37 00000000         ;  LDR r1, =y
   38 00000000         ;  
   39 00000000         ;  BL swap
   40 00000000         
   41 00000000         ;  ;Example of Greatest Common Divisor
   42 00000000         ;  MOV r0, #2310
   43 00000000         ;  MOV r1, #483
   44 00000000         ;  
   45 00000000         ;  BL gcd
   46 00000000         ;  
   47 00000000         ;  LDR r4, =result
   48 00000000         ;  STR r0, [r4]
   49 00000000         
   50 00000000         ;  ;Example of 2 concatenating strings
   51 00000000         ;  
   52 00000000         ;  LDR r0, =str1
   53 00000000         ;  LDR r1, =str2
   54 00000000         ;  



ARM Macro Assembler    Page 2 


   55 00000000         ;  BL strcat
   56 00000000         
   57 00000000         ;Example of comparing 2 strings
   58 00000000         
   59 00000000         ;  LDR r0, =str1
   60 00000000         ;  LDR r1, =str2
   61 00000000         ;  
   62 00000000         ;  BL strcmp
   63 00000000         
   64 00000000         ;Example of Inserting Number in Array
   65 00000000 F04F 0003       MOV              r0, #3
   66 00000004 4902            LDR              r1, =array
   67 00000006 F04F 0205       MOV              r2, #5
   68 0000000A         
   69 0000000A F7FF FFFE       BL               insert_number
   70 0000000E         
   71 0000000E         
   72 0000000E         
   73 0000000E         
   74 0000000E E7FE    stop    B                stop
   75 00000010         
   76 00000010                 ENDP
   77 00000010                 END
              00000000 
Command Line: --debug --xref --diag_suppress=9931,A1950W --cpu=Cortex-M4.fp.sp 
--depend=.\objects\main.d -o.\objects\main.o -I.\RTE\_Target_1 -IC:\Users\Abdul
lah-Wasim\AppData\Local\Arm\Packs\ARM\CMSIS\5.9.0\CMSIS\Core\Include -IC:\Users
\Abdullah-Wasim\AppData\Local\Arm\Packs\Keil\STM32F4xx_DFP\2.17.1\Drivers\CMSIS
\Device\ST\STM32F4xx\Include --predefine="__EVAL SETA 1" --predefine="__UVISION
_VERSION SETA 539" --predefine="_RTE_ SETA 1" --predefine="STM32F446xx SETA 1" 
--predefine="_RTE_ SETA 1" --list=.\listings\main.lst main.s



ARM Macro Assembler    Page 1 Alphabetic symbol ordering
Relocatable symbols

array 00000000

Symbol: array
   Definitions
      At line 10 in file main.s
   Uses
      At line 66 in file main.s
Comment: array used once
myData 00000000

Symbol: myData
   Definitions
      At line 1 in file main.s
   Uses
      None
Comment: myData unused
2 symbols



ARM Macro Assembler    Page 1 Alphabetic symbol ordering
Relocatable symbols

main 00000000

Symbol: main
   Definitions
      At line 22 in file main.s
   Uses
      At line 13 in file main.s
Comment: main used once
myCode 00000000

Symbol: myCode
   Definitions
      At line 12 in file main.s
   Uses
      None
Comment: myCode unused
stop 0000000E

Symbol: stop
   Definitions
      At line 74 in file main.s
   Uses
      At line 74 in file main.s
Comment: stop used once
3 symbols



ARM Macro Assembler    Page 1 Alphabetic symbol ordering
External symbols

insert_number 00000000

Symbol: insert_number
   Definitions
      At line 19 in file main.s
   Uses
      At line 69 in file main.s
Comment: insert_number used once
1 symbol
343 symbols in table
