


ARM Macro Assembler    Page 1 


    1 00000000                 AREA             myCode, CODE, READONLY
    2 00000000                 EXPORT           strcmp
    3 00000000                 ENTRY
    4 00000000         
    5 00000000         strcmp  PROC
    6 00000000         
    7 00000000 F810 4B01 
                       loop    LDRB             r4, [r0], #1
    8 00000004 F811 5B01       LDRB             r5, [r1], #1
    9 00000008         
   10 00000008 42AC            CMP              r4, r5
   11 0000000A D102            BNE              not_same
   12 0000000C         
   13 0000000C 2C00            CMP              r4, #0
   14 0000000E D003            BEQ              same
   15 00000010         
   16 00000010 E7F6            B                loop
   17 00000012         
   18 00000012         not_same
   19 00000012 F04F 0000       MOV              r0, #0
   20 00000016 E001            B                end_func
   21 00000018         
   22 00000018 F04F 0001 
                       same    MOV              r0, #1
   23 0000001C         
   24 0000001C         end_func
   25 0000001C 4770            BX               LR
   26 0000001E         
   27 0000001E                 ENDP
   28 0000001E                 END
Command Line: --debug --xref --diag_suppress=9931,A1950W --cpu=Cortex-M4.fp.sp 
--depend=.\objects\strcmp.d -o.\objects\strcmp.o -I.\RTE\_Target_1 -IC:\Users\A
bdullah-Wasim\AppData\Local\Arm\Packs\ARM\CMSIS\5.9.0\CMSIS\Core\Include -IC:\U
sers\Abdullah-Wasim\AppData\Local\Arm\Packs\Keil\STM32F4xx_DFP\2.17.1\Drivers\C
MSIS\Device\ST\STM32F4xx\Include --predefine="__EVAL SETA 1" --predefine="__UVI
SION_VERSION SETA 539" --predefine="_RTE_ SETA 1" --predefine="STM32F446xx SETA
 1" --predefine="_RTE_ SETA 1" --list=.\listings\strcmp.lst strcmp.s



ARM Macro Assembler    Page 1 Alphabetic symbol ordering
Relocatable symbols

end_func 0000001C

Symbol: end_func
   Definitions
      At line 24 in file strcmp.s
   Uses
      At line 20 in file strcmp.s
Comment: end_func used once
loop 00000000

Symbol: loop
   Definitions
      At line 7 in file strcmp.s
   Uses
      At line 16 in file strcmp.s
Comment: loop used once
myCode 00000000

Symbol: myCode
   Definitions
      At line 1 in file strcmp.s
   Uses
      None
Comment: myCode unused
not_same 00000012

Symbol: not_same
   Definitions
      At line 18 in file strcmp.s
   Uses
      At line 11 in file strcmp.s
Comment: not_same used once
same 00000018

Symbol: same
   Definitions
      At line 22 in file strcmp.s
   Uses
      At line 14 in file strcmp.s
Comment: same used once
strcmp 00000000

Symbol: strcmp
   Definitions
      At line 5 in file strcmp.s
   Uses
      At line 2 in file strcmp.s
Comment: strcmp used once
6 symbols
341 symbols in table
