


ARM Macro Assembler    Page 1 


    1 00000000                 AREA             myCode, CODE, READONLY
    2 00000000                 EXPORT           swap
    3 00000000                 ENTRY
    4 00000000         
    5 00000000         swap    PROC
    6 00000000         
    7 00000000 B500            PUSH             {LR}
    8 00000002         
    9 00000002 6804            LDR              r4, [r0]
   10 00000004 680D            LDR              r5, [r1]
   11 00000006 6005            STR              r5, [r0]
   12 00000008 600C            STR              r4, [r1]
   13 0000000A         
   14 0000000A F85D EB04       POP              {LR}
   15 0000000E         
   16 0000000E 4770            BX               LR
   17 00000010         
   18 00000010                 ENDP
   19 00000010                 END
Command Line: --debug --xref --diag_suppress=9931,A1950W --cpu=Cortex-M4.fp.sp 
--depend=.\objects\swap.d -o.\objects\swap.o -I.\RTE\_Target_1 -IC:\Users\Abdul
lah-Wasim\AppData\Local\Arm\Packs\ARM\CMSIS\5.9.0\CMSIS\Core\Include -IC:\Users
\Abdullah-Wasim\AppData\Local\Arm\Packs\Keil\STM32F4xx_DFP\2.17.1\Drivers\CMSIS
\Device\ST\STM32F4xx\Include --predefine="__EVAL SETA 1" --predefine="__UVISION
_VERSION SETA 539" --predefine="_RTE_ SETA 1" --predefine="STM32F446xx SETA 1" 
--predefine="_RTE_ SETA 1" --list=.\listings\swap.lst swap.s



ARM Macro Assembler    Page 1 Alphabetic symbol ordering
Relocatable symbols

myCode 00000000

Symbol: myCode
   Definitions
      At line 1 in file swap.s
   Uses
      None
Comment: myCode unused
swap 00000000

Symbol: swap
   Definitions
      At line 5 in file swap.s
   Uses
      At line 2 in file swap.s
Comment: swap used once
2 symbols
337 symbols in table
