


ARM Macro Assembler    Page 1 


    1 00000000                 AREA             myCode, CODE, READONLY
    2 00000000                 EXPORT           sum6
    3 00000000                 ENTRY
    4 00000000         
    5 00000000         sum6    PROC
    6 00000000         
    7 00000000 B5F0            PUSH             {r4-r7, LR}
    8 00000002         
    9 00000002 4604            MOV              r4, r0
   10 00000004 1864            ADDS             r4, r4, r1
   11 00000006 4154            ADCS             r4, r4, r2
   12 00000008 415C            ADCS             r4, r4, r3
   13 0000000A         
   14 0000000A 9D05            LDR              r5, [SP, #20]
   15 0000000C 9E06            LDR              r6, [SP, #24]
   16 0000000E         
   17 0000000E EB44 0405       ADC              r4, r4, r5
   18 00000012 EB44 0406       ADC              r4, r4, r6
   19 00000016         
   20 00000016 4620            MOV              r0, r4
   21 00000018 E8BD 40F0       POP              {r4-r7, LR}
   22 0000001C 4770            BX               LR
   23 0000001E         
   24 0000001E                 ENDP
   25 0000001E                 END
Command Line: --debug --xref --diag_suppress=9931,A1950W --cpu=Cortex-M4.fp.sp 
--depend=.\objects\sum6.d -o.\objects\sum6.o -I.\RTE\_Target_1 -IC:\Users\Abdul
lah\AppData\Local\Arm\Packs\ARM\CMSIS\5.9.0\CMSIS\Core\Include -IC:\Users\Abdul
lah\AppData\Local\Arm\Packs\Keil\STM32F4xx_DFP\2.17.1\Drivers\CMSIS\Device\ST\S
TM32F4xx\Include --predefine="__EVAL SETA 1" --predefine="__UVISION_VERSION SET
A 539" --predefine="_RTE_ SETA 1" --predefine="STM32F446xx SETA 1" --predefine=
"_RTE_ SETA 1" --list=.\listings\sum6.lst sum6.s



ARM Macro Assembler    Page 1 Alphabetic symbol ordering
Relocatable symbols

myCode 00000000

Symbol: myCode
   Definitions
      At line 1 in file sum6.s
   Uses
      None
Comment: myCode unused
sum6 00000000

Symbol: sum6
   Definitions
      At line 5 in file sum6.s
   Uses
      At line 2 in file sum6.s
Comment: sum6 used once
2 symbols
337 symbols in table
