


ARM Macro Assembler    Page 1 


    1 00000000                 AREA             mydata, DATA, READWRITE
    2 00000000 00 00 00 
              00       result  SPACE            4
    3 00000004         
    4 00000004                 AREA             main, CODE, READONLY
    5 00000000                 EXPORT           __main
    6 00000000                 ENTRY
    7 00000000         
    8 00000000         __main  PROC
    9 00000000 4A03            LDR              r2, =0xF0000001 
                                                            ; r1 = 0xF0000001
   10 00000002 2101            MOVS             r1, #1      ; r2 = 1
   11 00000004 EA11 0342       ANDS             r3, r1, r2, LSL #1 ; r3 = r1 AN
                                                            D r2 = 1
   12 00000008 4802            LDR              r0, =result
   13 0000000A 6003            STR              r3, [r0]    ; write r3 into RAM
                                                            
   14 0000000C E7FE    stop    B                stop
   15 0000000E                 ENDP
   16 0000000E 00 00           ALIGN
   17 00000010                 END
              F0000001 
              00000000 
Command Line: --debug --xref --diag_suppress=9931,A1950W --cpu=Cortex-M4.fp.sp 
--depend=.\objects\main.d -o.\objects\main.o -I.\RTE\_Target_1 -IC:\Users\Abdul
lah\AppData\Local\Arm\Packs\ARM\CMSIS\5.9.0\CMSIS\Core\Include -IC:\Users\Abdul
lah\AppData\Local\Arm\Packs\Keil\STM32F4xx_DFP\2.17.1\Drivers\CMSIS\Device\ST\S
TM32F4xx\Include --predefine="__EVAL SETA 1" --predefine="__UVISION_VERSION SET
A 539" --predefine="_RTE_ SETA 1" --predefine="STM32F446xx SETA 1" --predefine=
"_RTE_ SETA 1" --list=.\listings\main.lst main.s



ARM Macro Assembler    Page 1 Alphabetic symbol ordering
Relocatable symbols

mydata 00000000

Symbol: mydata
   Definitions
      At line 1 in file main.s
   Uses
      None
Comment: mydata unused
result 00000000

Symbol: result
   Definitions
      At line 2 in file main.s
   Uses
      At line 12 in file main.s
Comment: result used once
2 symbols



ARM Macro Assembler    Page 1 Alphabetic symbol ordering
Relocatable symbols

__main 00000000

Symbol: __main
   Definitions
      At line 8 in file main.s
   Uses
      At line 5 in file main.s
Comment: __main used once
main 00000000

Symbol: main
   Definitions
      At line 4 in file main.s
   Uses
      None
Comment: main unused
stop 0000000C

Symbol: stop
   Definitions
      At line 14 in file main.s
   Uses
      At line 14 in file main.s
Comment: stop used once
3 symbols
342 symbols in table
